app/api/admin/bot-config/route.ts(193,7): error TS2322: Type '"Hoarder" | "Fortress" | "Raider" | "Balanced" | "Ghost"' is not assignable to type '"hoarder" | "fortress" | "raider" | "ghost" | "balanced" | "boss" | undefined'.
  Type '"Hoarder"' is not assignable to type '"hoarder" | "fortress" | "raider" | "ghost" | "balanced" | "boss" | undefined'. Did you mean '"hoarder"'?
app/api/admin/hotkeys/route.ts(108,62): error TS2339: Property 'version' does not exist on type 'string | number | boolean | { [key: string]: Json | undefined; } | Json[]'.
  Property 'version' does not exist on type 'string'.
app/api/admin/wmd/route.ts(88,57): error TS2339: Property 'findOne' does not exist on type 'PostgrestQueryBuilder<{ PostgrestVersion: "14.5"; }, { Tables: { admin_logs: { Row: { action: string; admin_username: string; created_at: string; details: Json; id: string; target: string | null; }; Insert: { action: string; ... 4 more ...; target?: string | ... 1 more ... | undefined; }; Update: { ...; }; Relations...'.
app/api/admin/wmd/route.ts(178,51): error TS2304: Cannot find name 'db'.
app/api/admin/wmd/route.ts(185,54): error TS2304: Cannot find name 'db'.
app/api/admin/wmd/route.ts(192,50): error TS2304: Cannot find name 'db'.
app/api/admin/wmd/route.ts(199,49): error TS2304: Cannot find name 'db'.
app/api/admin/wmd/route.ts(210,51): error TS2304: Cannot find name 'db'.
app/api/admin/wmd/route.ts(217,49): error TS2304: Cannot find name 'db'.
app/api/admin/wmd/route.ts(268,46): error TS2304: Cannot find name 'db'.
app/api/admin/wmd/route.ts(279,53): error TS2304: Cannot find name 'db'.
app/api/admin/wmd/route.ts(290,49): error TS2304: Cannot find name 'db'.
app/api/admin/wmd/route.ts(301,53): error TS2304: Cannot find name 'db'.
app/api/auction/my-bids/route.ts(84,38): error TS2304: Cannot find name 'getCollection'.
app/api/auction/my-bids/route.ts(103,31): error TS7006: Parameter 'auction' implicitly has an 'any' type.
app/api/auction/my-bids/route.ts(105,44): error TS7006: Parameter 'bid' implicitly has an 'any' type.
app/api/auction/my-bids/route.ts(106,38): error TS7006: Parameter 'highest' implicitly has an 'any' type.
app/api/auction/my-bids/route.ts(106,47): error TS7006: Parameter 'current' implicitly has an 'any' type.
app/api/beer-bases/list/route.ts(42,26): error TS2304: Cannot find name 'db'.
app/api/beer-bases/list/route.ts(53,29): error TS2304: Cannot find name 'db'.
app/api/bot-magnet/route.ts(54,37): error TS2304: Cannot find name 'getCollection'.
app/api/bot-magnet/route.ts(95,37): error TS2304: Cannot find name 'getCollection'.
app/api/bot-magnet/route.ts(168,37): error TS2304: Cannot find name 'getCollection'.
app/api/bot-migration/route.ts(80,51): error TS2339: Property 'findOne' does not exist on type 'PostgrestQueryBuilder<{ PostgrestVersion: "14.5"; }, { Tables: { admin_logs: { Row: { action: string; admin_username: string; created_at: string; details: Json; id: string; target: string | null; }; Insert: { action: string; ... 4 more ...; target?: string | ... 1 more ... | undefined; }; Update: { ...; }; Relations...'.
app/api/bot-summoning/route.ts(50,37): error TS2304: Cannot find name 'getCollection'.
app/api/bot-summoning/route.ts(87,37): error TS2304: Cannot find name 'getCollection'.
app/api/chat/ask-veterans/route.ts(106,45): error TS2304: Cannot find name 'db'.
app/api/chat/channels/route.ts(65,45): error TS2304: Cannot find name 'db'.
app/api/chat/heartbeat/route.ts(140,24): error TS2304: Cannot find name 'db'.
app/api/chat/online/route.ts(198,24): error TS2304: Cannot find name 'db'.
app/api/chat/online/route.ts(210,49): error TS7006: Parameter 'user' implicitly has an 'any' type.
app/api/chat/online/route.ts(241,49): error TS7006: Parameter 'user' implicitly has an 'any' type.
app/api/chat/typing/route.ts(144,24): error TS2304: Cannot find name 'db'.
app/api/chat/typing/route.ts(214,24): error TS2304: Cannot find name 'db'.
app/api/concentration-zones/route.ts(53,37): error TS2304: Cannot find name 'getCollection'.
app/api/concentration-zones/route.ts(93,37): error TS2304: Cannot find name 'getCollection'.
app/api/concentration-zones/route.ts(165,37): error TS2304: Cannot find name 'getCollection'.
app/api/cron/flag-bot-movement/route.ts(62,27): error TS2304: Cannot find name 'db'.
app/api/cron/flag-bot-movement/route.ts(89,13): error TS2304: Cannot find name 'db'.
app/api/cron/player-snapshot/route.ts(38,51): error TS2339: Property 'find' does not exist on type 'PostgrestQueryBuilder<{ PostgrestVersion: "14.5"; }, { Tables: { admin_logs: { Row: { action: string; admin_username: string; created_at: string; details: Json; id: string; target: string | null; }; Insert: { action: string; ... 4 more ...; target?: string | ... 1 more ... | undefined; }; Update: { ...; }; Relations...'.
app/api/cron/player-snapshot/route.ts(103,51): error TS2339: Property 'find' does not exist on type 'PostgrestQueryBuilder<{ PostgrestVersion: "14.5"; }, { Tables: { admin_logs: { Row: { action: string; admin_username: string; created_at: string; details: Json; id: string; target: string | null; }; Insert: { action: string; ... 4 more ...; target?: string | ... 1 more ... | undefined; }; Update: { ...; }; Relations...'.
app/api/debug/tile/route.ts(27,35): error TS2304: Cannot find name 'getCollection'.
app/api/dm/route.ts(80,16): error TS2304: Cannot find name 'mongoClient'.
app/api/dm/route.ts(192,16): error TS2304: Cannot find name 'mongoClient'.
app/api/factory/abandon/route.ts(104,13): error TS2769: No overload matches this call.
  Overload 1 of 2, '(relation: "admin_logs" | "auction_bids" | "auction_listings" | "players" | "auction_notifications" | "battle_logs" | "bot_config" | "bots" | "clan_activity" | "clans" | "clan_alliances" | ... 42 more ... | "wmd_vote_ballots"): PostgrestQueryBuilder<...>', gave the following error.
    Argument of type '"units"' is not assignable to parameter of type '"admin_logs" | "auction_bids" | "auction_listings" | "players" | "auction_notifications" | "battle_logs" | "bot_config" | "bots" | "clan_activity" | "clans" | "clan_alliances" | ... 42 more ... | "wmd_vote_ballots"'.
  Overload 2 of 2, '(relation: never): PostgrestQueryBuilder<{ PostgrestVersion: "14.5"; }, { Tables: { admin_logs: { Row: { action: string; admin_username: string; created_at: string; details: Json; id: string; target: string | null; }; Insert: { ...; }; Update: { ...; }; Relationships: []; }; ... 52 more ...; wmd_vote_ballots: { ...; }; }; Views: {}; Functions: {}; Enums: { ...; }; CompositeTypes: {}; }, never, never, never>', gave the following error.
    Argument of type '"units"' is not assignable to parameter of type 'never'.
app/api/factory/abandon/route.ts(106,11): error TS2345: Argument of type '"owner"' is not assignable to parameter of type 'never'.
app/api/factory/abandon/route.ts(107,11): error TS2345: Argument of type '"factory_x"' is not assignable to parameter of type 'never'.
app/api/factory/abandon/route.ts(108,11): error TS2345: Argument of type '"factory_y"' is not assignable to parameter of type 'never'.
app/api/factory/abandon/route.ts(140,15): error TS2769: No overload matches this call.
  Overload 1 of 2, '(relation: "admin_logs" | "auction_bids" | "auction_listings" | "players" | "auction_notifications" | "battle_logs" | "bot_config" | "bots" | "clan_activity" | "clans" | "clan_alliances" | ... 42 more ... | "wmd_vote_ballots"): PostgrestQueryBuilder<...>', gave the following error.
    Argument of type '"units"' is not assignable to parameter of type '"admin_logs" | "auction_bids" | "auction_listings" | "players" | "auction_notifications" | "battle_logs" | "bot_config" | "bots" | "clan_activity" | "clans" | "clan_alliances" | ... 42 more ... | "wmd_vote_ballots"'.
  Overload 2 of 2, '(relation: never): PostgrestQueryBuilder<{ PostgrestVersion: "14.5"; }, { Tables: { admin_logs: { Row: { action: string; admin_username: string; created_at: string; details: Json; id: string; target: string | null; }; Insert: { ...; }; Update: { ...; }; Relationships: []; }; ... 52 more ...; wmd_vote_ballots: { ...; }; }; Views: {}; Functions: {}; Enums: { ...; }; CompositeTypes: {}; }, never, never, never>', gave the following error.
    Argument of type '"units"' is not assignable to parameter of type 'never'.
app/api/factory/abandon/route.ts(142,13): error TS2345: Argument of type '"owner"' is not assignable to parameter of type 'never'.
app/api/factory/abandon/route.ts(143,13): error TS2345: Argument of type '"factory_x"' is not assignable to parameter of type 'never'.
app/api/factory/abandon/route.ts(144,13): error TS2345: Argument of type '"factory_y"' is not assignable to parameter of type 'never'.
app/api/factory/abandon/route.ts(148,27): error TS2339: Property 'strength' does not exist on type 'SelectQueryError<"column 'strength' does not exist on 'admin_logs'."> | SelectQueryError<"column 'strength' does not exist on 'auction_bids'."> | ... 51 more ... | SelectQueryError<...>'.
  Property 'strength' does not exist on type 'SelectQueryError<"column 'strength' does not exist on 'admin_logs'.">'.
app/api/factory/abandon/route.ts(149,27): error TS2339: Property 'defense' does not exist on type 'SelectQueryError<"column 'strength' does not exist on 'admin_logs'."> | SelectQueryError<"column 'strength' does not exist on 'auction_bids'."> | ... 51 more ... | SelectQueryError<...>'.
  Property 'defense' does not exist on type 'SelectQueryError<"column 'strength' does not exist on 'admin_logs'.">'.
app/api/factory/abandon/route.ts(155,15): error TS2769: No overload matches this call.
  Overload 1 of 2, '(relation: "admin_logs" | "auction_bids" | "auction_listings" | "players" | "auction_notifications" | "battle_logs" | "bot_config" | "bots" | "clan_activity" | "clans" | "clan_alliances" | ... 42 more ... | "wmd_vote_ballots"): PostgrestQueryBuilder<...>', gave the following error.
    Argument of type '"units"' is not assignable to parameter of type '"admin_logs" | "auction_bids" | "auction_listings" | "players" | "auction_notifications" | "battle_logs" | "bot_config" | "bots" | "clan_activity" | "clans" | "clan_alliances" | ... 42 more ... | "wmd_vote_ballots"'.
  Overload 2 of 2, '(relation: never): PostgrestQueryBuilder<{ PostgrestVersion: "14.5"; }, { Tables: { admin_logs: { Row: { action: string; admin_username: string; created_at: string; details: Json; id: string; target: string | null; }; Insert: { ...; }; Update: { ...; }; Relationships: []; }; ... 52 more ...; wmd_vote_ballots: { ...; }; }; Views: {}; Functions: {}; Enums: { ...; }; CompositeTypes: {}; }, never, never, never>', gave the following error.
    Argument of type '"units"' is not assignable to parameter of type 'never'.
app/api/factory/abandon/route.ts(157,13): error TS2345: Argument of type '"owner"' is not assignable to parameter of type 'never'.
app/api/factory/abandon/route.ts(158,13): error TS2345: Argument of type '"factory_x"' is not assignable to parameter of type 'never'.
app/api/factory/abandon/route.ts(159,13): error TS2345: Argument of type '"factory_y"' is not assignable to parameter of type 'never'.
app/api/factory/build-unit/route.ts(240,13): error TS2769: No overload matches this call.
  Overload 1 of 2, '(relation: "admin_logs" | "auction_bids" | "auction_listings" | "players" | "auction_notifications" | "battle_logs" | "bot_config" | "bots" | "clan_activity" | "clans" | "clan_alliances" | ... 42 more ... | "wmd_vote_ballots"): PostgrestQueryBuilder<...>', gave the following error.
    Argument of type '"units"' is not assignable to parameter of type '"admin_logs" | "auction_bids" | "auction_listings" | "players" | "auction_notifications" | "battle_logs" | "bot_config" | "bots" | "clan_activity" | "clans" | "clan_alliances" | ... 42 more ... | "wmd_vote_ballots"'.
  Overload 2 of 2, '(relation: never): PostgrestQueryBuilder<{ PostgrestVersion: "14.5"; }, { Tables: { admin_logs: { Row: { action: string; admin_username: string; created_at: string; details: Json; id: string; target: string | null; }; Insert: { ...; }; Update: { ...; }; Relationships: []; }; ... 52 more ...; wmd_vote_ballots: { ...; }; }; Views: {}; Functions: {}; Enums: { ...; }; CompositeTypes: {}; }, never, never, never>', gave the following error.
    Argument of type '"units"' is not assignable to parameter of type 'never'.
app/api/factory/build-unit/route.ts(241,15): error TS2769: No overload matches this call.
  Overload 1 of 2, '(values: RejectExcessProperties<{ action: string; admin_username: string; created_at?: string | undefined; details?: Json | undefined; id?: string | undefined; target?: string | null | undefined; } | { auction_id: string; ... 5 more ...; is_winning?: boolean | undefined; } | ... 51 more ... | { ...; }, { ...; } | ... 52 more ... | { ...; }>, options?: { ...; } | undefined): PostgrestFilterBuilder<...>', gave the following error.
    Argument of type '{ id: string; type: UnitType; strength: number; defense: number; produced_at_x: number; produced_at_y: number; produced_date: string; owner: string; }[]' is not assignable to parameter of type 'RejectExcessProperties<{ action: string; admin_username: string; created_at?: string | undefined; details?: Json | undefined; id?: string | undefined; target?: string | null | undefined; } | { auction_id: string; ... 5 more ...; is_winning?: boolean | undefined; } | ... 51 more ... | { ...; }, { ...; } | ... 52 more...'.
  Overload 2 of 2, '(values: RejectExcessProperties<{ action: string; admin_username: string; created_at?: string | undefined; details?: Json | undefined; id?: string | undefined; target?: string | null | undefined; } | { auction_id: string; ... 5 more ...; is_winning?: boolean | undefined; } | ... 51 more ... | { ...; }, { ...; } | ... 52 more ... | { ...; }>[], options?: { ...; } | undefined): PostgrestFilterBuilder<...>', gave the following error.
    Argument of type '{ id: string; type: UnitType; strength: number; defense: number; produced_at_x: number; produced_at_y: number; produced_date: string; owner: string; }[]' is not assignable to parameter of type 'RejectExcessProperties<{ action: string; admin_username: string; created_at?: string | undefined; details?: Json | undefined; id?: string | undefined; target?: string | null | undefined; } | { auction_id: string; ... 5 more ...; is_winning?: boolean | undefined; } | ... 51 more ... | { ...; }, { ...; } | ... 52 more...'.
      Type '{ id: string; type: UnitType; strength: number; defense: number; produced_at_x: number; produced_at_y: number; produced_date: string; owner: string; }' is not assignable to type 'RejectExcessProperties<{ action: string; admin_username: string; created_at?: string | undefined; details?: Json | undefined; id?: string | undefined; target?: string | null | undefined; } | { auction_id: string; ... 5 more ...; is_winning?: boolean | undefined; } | ... 51 more ... | { ...; }, { ...; } | ... 52 more...'.
        Type '{ id: string; type: UnitType; strength: number; defense: number; produced_at_x: number; produced_at_y: number; produced_date: string; owner: string; }' is not assignable to type '{ defense?: number | undefined; id?: string | undefined; last_attack_time?: string | null | undefined; last_attacked_by?: string | null | undefined; last_resource_generation?: string | null | undefined; ... 7 more ...; y: number; } & {}'.
          Type '{ id: string; type: UnitType; strength: number; defense: number; produced_at_x: number; produced_at_y: number; produced_date: string; owner: string; }' is missing the following properties from type '{ defense?: number | undefined; id?: string | undefined; last_attack_time?: string | null | undefined; last_attacked_by?: string | null | undefined; last_resource_generation?: string | null | undefined; ... 7 more ...; y: number; }': x, y
app/api/factory/build-unit/route.ts(285,13): error TS2769: No overload matches this call.
  Overload 1 of 2, '(relation: "admin_logs" | "auction_bids" | "auction_listings" | "players" | "auction_notifications" | "battle_logs" | "bot_config" | "bots" | "clan_activity" | "clans" | "clan_alliances" | ... 42 more ... | "wmd_vote_ballots"): PostgrestQueryBuilder<...>', gave the following error.
    Argument of type '"units"' is not assignable to parameter of type '"admin_logs" | "auction_bids" | "auction_listings" | "players" | "auction_notifications" | "battle_logs" | "bot_config" | "bots" | "clan_activity" | "clans" | "clan_alliances" | ... 42 more ... | "wmd_vote_ballots"'.
  Overload 2 of 2, '(relation: never): PostgrestQueryBuilder<{ PostgrestVersion: "14.5"; }, { Tables: { admin_logs: { Row: { action: string; admin_username: string; created_at: string; details: Json; id: string; target: string | null; }; Insert: { ...; }; Update: { ...; }; Relationships: []; }; ... 52 more ...; wmd_vote_ballots: { ...; }; }; Views: {}; Functions: {}; Enums: { ...; }; CompositeTypes: {}; }, never, never, never>', gave the following error.
    Argument of type '"units"' is not assignable to parameter of type 'never'.
app/api/factory/build-unit/route.ts(287,11): error TS2345: Argument of type '"owner"' is not assignable to parameter of type 'never'.
app/api/factory/list/route.ts(98,11): error TS2322: Type '{ factory: Factory; stats: FactoryStats; upgradeCost: UpgradeCost | null; canUpgrade: boolean; upgradeProgress: number; availableSlots: number; timeUntilNextSlot: { ...; }; }[]' is not assignable to type 'FactoryResponse[]'.
  Type '{ factory: Factory; stats: FactoryStats; upgradeCost: UpgradeCost | null; canUpgrade: boolean; upgradeProgress: number; availableSlots: number; timeUntilNextSlot: { ...; }; }' is not assignable to type 'FactoryResponse'.
    Types of property 'upgradeProgress' are incompatible.
      Type 'number' is not assignable to type '{ level: number; percentage: number; slotsUsed: number; slotsRequired: number; }'.
app/api/factory/upgrade/route.ts(165,7): error TS2345: Argument of type '{ level: number; defense: number; id: string; last_attack_time: string | null; last_attacked_by: string | null; last_resource_generation: string | null; last_slot_regen: string; ... 5 more ...; y: number; }' is not assignable to parameter of type 'Factory'.
  Type '{ level: number; defense: number; id: string; last_attack_time: string | null; last_attacked_by: string | null; last_resource_generation: string | null; last_slot_regen: string; owner: string | null; ... 4 more ...; y: number; }' is missing the following properties from type 'Factory': usedSlots, productionRate, lastSlotRegen
app/api/fast-travel/route.ts(56,37): error TS2304: Cannot find name 'getCollection'.
app/api/fast-travel/route.ts(98,37): error TS2304: Cannot find name 'getCollection'.
app/api/fast-travel/route.ts(214,37): error TS2304: Cannot find name 'getCollection'.
app/api/flag/attack/route.ts(78,43): error TS2339: Property 'current_holder' does not exist on type '{ bearer_id: string | null; bearer_username: string | null; bot_config: Json; claimed_at: string | null; current_hp: number; id: string; is_bot: boolean; max_hp: number; position_x: number; position_y: number; }'.
app/api/flag/attack/route.ts(90,28): error TS2339: Property 'current_holder' does not exist on type '{ bearer_id: string | null; bearer_username: string | null; bot_config: Json; claimed_at: string | null; current_hp: number; id: string; is_bot: boolean; max_hp: number; position_x: number; position_y: number; }'.
app/api/flag/attack/route.ts(149,13): error TS2345: Argument of type '"id"' is not assignable to parameter of type '"created_at" | "username" | "base_x" | "base_y" | "current_x" | "current_y" | "is_bot" | "is_special_base" | "resources_energy" | "resources_metal" | "total_defense" | "total_strength" | ... 84 more ... | "xp"'.
app/api/flag/attack/route.ts(187,21): error TS2339: Property 'current_position' does not exist on type '{ balance_damage_dealt_multiplier: number | null; balance_damage_taken_multiplier: number | null; balance_effective_power: number | null; balance_gathering_multiplier: number | null; ... 92 more ...; xp: number; }'.
app/api/flag/attack/route.ts(188,21): error TS2339: Property 'current_position' does not exist on type '{ balance_damage_dealt_multiplier: number | null; balance_damage_taken_multiplier: number | null; balance_effective_power: number | null; balance_gathering_multiplier: number | null; ... 92 more ...; xp: number; }'.
app/api/flag/attack/route.ts(196,28): error TS2339: Property 'current_position' does not exist on type '{ balance_damage_dealt_multiplier: number | null; balance_damage_taken_multiplier: number | null; balance_effective_power: number | null; balance_gathering_multiplier: number | null; ... 92 more ...; xp: number; }'.
app/api/flag/attack/route.ts(202,39): error TS2339: Property 'history' does not exist on type '{ bearer_id: string | null; bearer_username: string | null; bot_config: Json; claimed_at: string | null; current_hp: number; id: string; is_bot: boolean; max_hp: number; position_x: number; position_y: number; }'.
app/api/flag/attack/route.ts(207,11): error TS2353: Object literal may only specify known properties, and 'current_holder' does not exist in type 'RejectExcessProperties<{ bearer_id?: string | null | undefined; bearer_username?: string | null | undefined; bot_config?: Json | undefined; claimed_at?: string | null | undefined; current_hp?: number | undefined; ... 4 more ...; position_y?: number | undefined; }, { ...; }>'.
app/api/flag/attack/route.ts(208,33): error TS2339: Property 'id' does not exist on type '{ balance_damage_dealt_multiplier: number | null; balance_damage_taken_multiplier: number | null; balance_effective_power: number | null; balance_gathering_multiplier: number | null; ... 92 more ...; xp: number; }'.
app/api/flag/attack/route.ts(211,32): error TS2339: Property 'current_position' does not exist on type '{ balance_damage_dealt_multiplier: number | null; balance_damage_taken_multiplier: number | null; balance_effective_power: number | null; balance_gathering_multiplier: number | null; ... 92 more ...; xp: number; }'.
app/api/flag/attack/route.ts(238,9): error TS2353: Object literal may only specify known properties, and 'current_holder' does not exist in type 'RejectExcessProperties<{ bearer_id?: string | null | undefined; bearer_username?: string | null | undefined; bot_config?: Json | undefined; claimed_at?: string | null | undefined; current_hp?: number | undefined; ... 4 more ...; position_y?: number | undefined; }, { ...; }>'.
app/api/flag/route.ts(64,43): error TS2339: Property 'current_holder' does not exist on type '{ bearer_id: string | null; bearer_username: string | null; bot_config: Json; claimed_at: string | null; current_hp: number; id: string; is_bot: boolean; max_hp: number; position_x: number; position_y: number; }'.
app/api/flag/route.ts(72,28): error TS2339: Property 'current_holder' does not exist on type '{ bearer_id: string | null; bearer_username: string | null; bot_config: Json; claimed_at: string | null; current_hp: number; id: string; is_bot: boolean; max_hp: number; position_x: number; position_y: number; }'.
app/api/flag/route.ts(79,11): error TS2345: Argument of type '"id"' is not assignable to parameter of type '"created_at" | "username" | "base_x" | "base_y" | "current_x" | "current_y" | "is_bot" | "is_special_base" | "resources_energy" | "resources_metal" | "total_defense" | "total_strength" | ... 84 more ... | "xp"'.
app/api/flag/route.ts(95,28): error TS2339: Property 'trail' does not exist on type '{ bearer_id: string | null; bearer_username: string | null; bot_config: Json; claimed_at: string | null; current_hp: number; id: string; is_bot: boolean; max_hp: number; position_x: number; position_y: number; }'.
app/api/flag/route.ts(225,43): error TS2339: Property 'current_holder' does not exist on type '{ bearer_id: string | null; bearer_username: string | null; bot_config: Json; claimed_at: string | null; current_hp: number; id: string; is_bot: boolean; max_hp: number; position_x: number; position_y: number; }'.
app/api/flag/route.ts(233,28): error TS2339: Property 'current_holder' does not exist on type '{ bearer_id: string | null; bearer_username: string | null; bot_config: Json; claimed_at: string | null; current_hp: number; id: string; is_bot: boolean; max_hp: number; position_x: number; position_y: number; }'.
app/api/flag/route.ts(236,70): error TS2339: Property 'id' does not exist on type '{ balance_damage_dealt_multiplier: number | null; balance_damage_taken_multiplier: number | null; balance_effective_power: number | null; balance_gathering_multiplier: number | null; ... 92 more ...; xp: number; }'.
app/api/flag/route.ts(259,11): error TS2345: Argument of type '"id"' is not assignable to parameter of type '"created_at" | "username" | "base_x" | "base_y" | "current_x" | "current_y" | "is_bot" | "is_special_base" | "resources_energy" | "resources_metal" | "total_defense" | "total_strength" | ... 84 more ... | "xp"'.
app/api/flag/route.ts(279,11): error TS2345: Argument of type '"id"' is not assignable to parameter of type '"created_at" | "username" | "base_x" | "base_y" | "current_x" | "current_y" | "is_bot" | "is_special_base" | "resources_energy" | "resources_metal" | "total_defense" | "total_strength" | ... 84 more ... | "xp"'.
app/api/flag/route.ts(279,26): error TS2339: Property 'id' does not exist on type '{ balance_damage_dealt_multiplier: number | null; balance_damage_taken_multiplier: number | null; balance_effective_power: number | null; balance_gathering_multiplier: number | null; ... 92 more ...; xp: number; }'.
app/api/flag/route.ts(284,52): error TS2339: Property 'id' does not exist on type '{ balance_damage_dealt_multiplier: number | null; balance_damage_taken_multiplier: number | null; balance_effective_power: number | null; balance_gathering_multiplier: number | null; ... 92 more ...; xp: number; }'.
app/api/flag/route.ts(303,11): error TS2345: Argument of type '"id"' is not assignable to parameter of type '"created_at" | "username" | "base_x" | "base_y" | "current_x" | "current_y" | "is_bot" | "is_special_base" | "resources_energy" | "resources_metal" | "total_defense" | "total_strength" | ... 84 more ... | "xp"'.
